WARNING: All log messages before absl::InitializeLog() is called are written to STDERR
E0000 00:00:1783325340.672647  403562 descriptor_database.cc:633] File already exists in database: grpc/health/v1/health.proto
W0000 00:00:1783325340.672674  403562 message.cc:301] Protobuf GeneratedMessageFactory: File is already registered: grpc/health/v1/health.proto
2026-07-06T08:09:00Z [Info] [carb] Logging to file: /home/samuel/isaacsim/kit/logs/Kit/Isaac-Sim Python/6.0/kit_20260706_100900.log
[0.028s] [ext: omni.assets.plugins-0.0.0] startup
[0.028s] [ext: omni.blobkey-1.1.2] startup
[0.028s] [ext: omni.kit.async_engine-0.0.3] startup
[0.254s] [ext: omni.client.lib-1.1.1] startup
[0.261s] [ext: omni.client-1.3.0] startup
[0.263s] [ext: omni.protobuf.lib-1.0.0] startup
[0.264s] [ext: omni.grpc.lib-1.0.0] startup
[0.267s] [ext: omni.metrics.core-0.0.3] startup
[0.267s] [ext: omni.datastore-0.0.0] startup
[0.267s] [ext: omni.gpu_foundation.shadercache.vulkan-1.0.0] startup
[0.270s] [ext: omni.hsscclient-1.1.4] startup
[0.270s] [ext: omni.stats-1.0.1] startup
[0.271s] [ext: omni.ujitso.default-1.0.0] startup
[0.273s] [ext: omni.gpu_foundation-0.0.0] startup
[0.396s] [ext: carb.windowing.plugins-1.0.1] startup
[0.397s] [ext: omni.kit.renderer.init-1.0.1] startup
2026-07-06T08:09:01Z [758ms] [Warning] [omni.rtx] Skipping unsupported non-NVIDIA GPU: AMD Ryzen 5 9600X 6-Core Processor (RADV RAPHAEL_MENDOCINO)
2026-07-06T08:09:01Z [758ms] [Warning] [omni.rtx] Skipping unsupported non-NVIDIA GPU: AMD Ryzen 5 9600X 6-Core Processor (RADV RAPHAEL_MENDOCINO)

|---------------------------------------------------------------------------------------------|
| Driver Version: 595.71.05     | Graphics API: Vulkan
|=============================================================================================|
| GPU | Name                             | Active | LDA | GPU Memory | Vendor-ID | LUID       |
|     |                                  |        |     |            | Device-ID | UUID       |
|     |                                  |        |     |            | Bus-ID    |            |
|---------------------------------------------------------------------------------------------|
| 0   | NVIDIA GeForce RTX 5060          | Yes: 0 |     | 8151    MB | 10de      | 0          |
|     |                                  |        |     |            | 2d05      | d624d9ed.. |
|     |                                  |        |     |            | 1         |            |
|---------------------------------------------------------------------------------------------|
| 1   | AMD Ryzen 5 9600X 6-Core Proce.. |        |     | 10739   MB | 1002      | 0          |
|     |                                  |        |     |            | 13c0      | 00000000.. |
|     |                                  |        |     |            | 11        |            |
|=============================================================================================|
| OS: 24.04.4 LTS (Noble Numbat) ubuntu, Version: 24.04.4, Kernel: 6.17.0-35-generic
| XServer Vendor: The X.Org Foundation, XServer Version: 12101011 (1.21.1.11)
| Processor: AMD Ryzen 5 9600X 6-Core Processor
| Cores: 6 | Logical Cores: 12
|---------------------------------------------------------------------------------------------|
| Total Memory (MB): 31195 | Free Memory: 24058
| Total Page/Swap (MB): 488 | Free Page/Swap: 20
|---------------------------------------------------------------------------------------------|
2026-07-06T08:09:01Z [928ms] [Warning] [omni.rtx] PCIe link width current (8) and maximum (16) for device 0 don't match.
2026-07-06T08:09:01Z [929ms] [Warning] [omni.rtx] IOMMU is enabled.
[0.994s] [ext: omni.kit.pipapi-0.0.0] startup
[0.995s] [ext: omni.kit.pip_archive-0.0.0] startup
[0.995s] [ext: isaacsim.pip.newton-0.6.0] startup
[0.995s] [ext: omni.pip.compute-1.9.0] startup
[0.995s] [ext: omni.isaac.core_archive-5.3.0] startup
[0.995s] [ext: omni.kit.telemetry-0.5.2] startup
[1.015s] [ext: omni.kit.loop-isaac-1.6.0] startup
[1.016s] [ext: omni.kit.test-2.0.7] startup
[1.056s] [ext: omni.materialx.libs-1.0.9] startup
[1.061s] [ext: omni.gpucompute.plugins-0.0.0] startup
[1.061s] [ext: omni.usd.config-1.0.7] startup
[1.063s] [ext: omni.usd.libs-1.0.3] startup
[1.113s] [ext: omni.iray.libs-0.0.1] startup
[1.116s] [ext: omni.mdl-57.0.3] startup
[1.163s] [ext: omni.mdl.neuraylib-0.2.20] startup
[1.164s] [ext: omni.kit.usd.mdl-1.1.9] startup
[1.238s] [ext: omni.appwindow-1.2.2] startup
[1.239s] [ext: omni.kit.renderer.core-1.2.2] startup
[5.471s] [ext: omni.kit.renderer.capture-2.0.1] startup
[5.472s] [ext: omni.kit.renderer.imgui-2.0.6] startup
[5.668s] [ext: omni.ui-3.1.3] startup
[5.674s] [ext: omni.kit.mainwindow-1.0.3] startup
[5.675s] [ext: carb.audio-0.1.0] startup
[5.677s] [ext: omni.uiaudio-1.0.0] startup
[5.677s] [ext: omni.kit.uiapp-0.0.0] startup
[5.677s] [ext: omni.usd.schema.metrics.assembler-110.1.0] startup
[5.679s] [ext: omni.usd.schema.audio-0.0.1] startup
[5.681s] [ext: omni.usd_resolver-1.0.0] startup
[5.683s] [ext: omni.usd.core-1.8.3] startup
[5.686s] [ext: omni.metropolis.schema-0.0.3] startup
[5.686s] [ext: isaacsim.anim.robot.schema-0.1.1] startup
[5.687s] [ext: omni.usd.schema.anim-0.0.1] startup
[5.698s] [ext: omni.usd.schema.geospatial-0.0.1] startup
[5.700s] [ext: omni.usd.schema.omnigraph-1.0.1] startup
[5.703s] [ext: omni.usd.schema.semantics-0.0.0] startup
[5.705s] [ext: omni.activity.core-1.0.3] startup
[5.706s] [ext: omni.cubric-0.1.0] startup
[5.706s] [ext: omni.graph.exec-0.9.6] startup
[5.706s] [ext: omni.hydra.scene_delegate-0.3.5] startup
[5.708s] [ext: usdrt.scenegraph-7.6.3] startup
[5.724s] [ext: omni.hydra.usdrt_delegate-7.5.2] startup
[5.728s] [ext: omni.inspect-1.0.2] startup
[5.729s] [ext: omni.kit.actions.core-1.0.0] startup
[5.730s] [ext: omni.kit.audiodeviceenum-1.0.2] startup
[5.731s] [ext: omni.kit.commands-1.5.0] startup
[5.733s] [ext: omni.kit.exec.core-0.13.5] startup
[5.733s] [ext: omni.kit.usd_undo-0.1.8] startup
[5.734s] [ext: omni.kit.window.popup_dialog-2.0.25] startup
[5.736s] [ext: omni.kit.widget.nucleus_connector-2.3.1] startup
[5.738s] [ext: omni.timeline-1.1.0] startup
[5.739s] [ext: omni.usd-1.15.2] startup
[5.761s] [ext: omni.graph.core-3.1.2] startup
[5.763s] [ext: omni.kit.notification_manager-1.0.11] startup
[5.765s] [ext: isaacsim.core.deprecation_manager-0.4.2] startup
[5.765s] [ext: isaacsim.replicator.agent.schema-0.1.1] startup
[5.766s] [ext: isaacsim.robot.schema-6.3.6] startup
[5.769s] [ext: isaacsim.robot_motion.schema-0.2.0] startup
[5.769s] [ext: omni.anim.behavior.schema-110.1.0] startup
[5.772s] [ext: omni.anim.graph.schema-110.1.1] startup
[5.776s] [ext: omni.anim.navigation.schema-110.1.0] startup
[5.778s] [ext: omni.behavior.tree.schema-110.1.0] startup
[5.778s] [ext: omni.isaac.ml_archive-3.3.0] startup
[5.778s] [ext: omni.kit.asset_converter-5.1.4] startup
[5.786s] [ext: omni.pip.cloud-1.5.3] startup
[5.788s] [ext: omni.usd.schema.flow-110.0.0] startup
[5.788s] [ext: omni.usd.schema.mujoco-1.1.0] startup
[5.788s] [ext: omni.usd.schema.newton-1.2.0] startup
[5.789s] [ext: omni.usd.schema.omni_lens_distortion-1.0.0] startup
[5.789s] [ext: omni.usd.schema.omni_projectors-1.0.0] startup
[5.789s] [ext: omni.usd.schema.omni_sensors-0.0.0] startup
[5.795s] [ext: omni.usd.schema.omniscripting-1.0.1] startup
[5.797s] [ext: omni.usd.schema.physical_lighting-0.1.0] startup
[5.800s] [ext: omni.usd.schema.physx-110.1.11] startup
[5.819s] [ext: omni.usd.schema.render_settings.rtx-1.0.2] startup
[5.821s] [ext: omni.usd.schema.usd_particle_field-1.0.0] startup
[5.822s] [ext: isaacsim.core.version-2.1.0] startup
[5.822s] [ext: omni.kit.menu.core-1.2.0] startup
[5.823s] [ext: omni.kit.menu.utils-2.2.3] startup
[5.827s] [ext: isaacsim.app.about-2.3.0] startup
[5.830s] [ext: isaacsim.asset.transformer-1.2.3] startup
[5.832s] [ext: omni.scene.optimizer.core-110.1.0] startup
[5.862s] [ext: isaacsim.asset.importer.utils-1.8.0] startup
[5.864s] [ext: omni.convexdecomposition-110.1.11] startup
[5.865s] [ext: omni.physics-110.1.11] startup
[5.867s] [ext: omni.physx.gpu-110.1.11] startup
[5.867s] [ext: omni.physx.foundation-110.1.11] startup
[5.868s] [ext: omni.usdphysics-110.1.11] startup
[5.869s] [ext: omni.physx.cooking-110.1.11] startup
[5.871s] [ext: omni.physx-110.1.11] startup
[5.877s] [ext: omni.physics.physx-110.1.11] startup
[5.878s] [ext: isaacsim.asset.exporter.urdf-2.0.3] startup
[5.884s] [ext: omni.kit.clipboard-1.1.1] startup
[5.884s] [ext: omni.kit.usd.layers-2.6.1] startup
[5.889s] [ext: omni.kit.widget.context_menu-1.4.0] startup
[5.890s] [ext: omni.kit.context_menu-1.9.0] startup
[5.890s] [ext: omni.kit.helper.file_utils-0.1.10] startup
[5.891s] [ext: omni.kit.widget.nucleus_info-2.0.2] startup
[5.892s] [ext: omni.kit.search_core-1.0.8] startup
[5.892s] [ext: omni.kit.widget.path_field-2.0.13] startup
[5.893s] [ext: omni.kit.widget.browser_bar-2.0.10] startup
[5.893s] [ext: omni.kit.widget.filebrowser-2.13.4] startup
[5.896s] [ext: omni.kit.widget.options_menu-1.1.6] startup
[5.898s] [ext: omni.kit.widget.options_button-1.0.3] startup
[5.898s] [ext: omni.kit.widget.search_delegate-1.0.9] startup
[5.899s] [ext: omni.ui.scene-2.0.1] startup
[5.902s] [ext: omni.kit.window.filepicker-2.15.5] startup
[5.910s] [ext: omni.kit.window.file_importer-1.1.21] startup
[5.911s] [ext: omni.kit.material.library-3.1.2] startup
[5.914s] [ext: isaacsim.asset.transformer.rules-1.7.8] startup
[5.921s] [ext: omni.usdex.libs-2.2.2] startup
[5.926s] [ext: isaacsim.asset.importer.mjcf-3.10.0] startup
[5.927s] [ext: isaacsim.asset.importer.urdf-3.11.0] startup
[5.930s] [ext: omni.kit.primitive.mesh-1.1.0] startup
[5.931s] [ext: omni.kit.stage_template.core-1.1.22] startup
[5.932s] [ext: omni.kit.stage_templates-2.0.2] startup
[5.933s] [ext: omni.usd.metrics.assembler-110.1.2] startup
[5.935s] [ext: omni.warp.core-1.13.0] startup
[6.079s] [ext: isaacsim.core.experimental.utils-0.17.1] startup
[6.080s] [ext: omni.physics.stageupdate-110.1.11] startup
[6.081s] [ext: omni.physics.tensors-110.1.11] startup
[6.084s] [ext: omni.physx.tensors-110.1.11] startup
[6.140s] [ext: isaacsim.core.simulation_manager-1.15.4] startup
2026-07-06T08:09:06Z [6,141ms] [Warning] [isaacsim.core.simulation_manager.plugin] USD stage is not available; stage-opened subscription is deferred
2026-07-06T08:09:06Z [6,141ms] [Warning] [isaacsim.core.simulation_manager.plugin] USD stage is not available; stage-opened subscription is deferred
[6.150s] [ext: isaacsim.storage.native-1.9.2] startup
[6.151s] [ext: omni.usd.metrics.assembler.physics-110.1.11] startup
[6.152s] [ext: isaacsim.core.utils-4.1.6] startup
[6.154s] [ext: isaacsim.core.prims-0.11.6] startup
[6.993s] [ext: isaacsim.core.api-5.2.12] startup
[6.998s] [ext: isaacsim.core.cloner-1.7.2] startup
[6.999s] [ext: isaacsim.test.docstring-1.3.1] startup
[7.002s] [ext: isaacsim.core.experimental.prims-1.8.8] startup
[7.019s] [ext: isaacsim.core.experimental.primdata-0.3.2] startup
[7.020s] [ext: omni.graph.tools-1.81.0] startup
[7.035s] [ext: omni.graph-1.142.5] startup
[7.061s] [ext: isaacsim.core.experimental.actuators-0.1.0] startup
[8.611s] [ext: isaacsim.core.experimental.materials-0.7.0] startup
[8.613s] [ext: isaacsim.core.experimental.objects-0.8.0] startup
[8.656s] [ext: omni.hydra.engine.stats-1.0.5] startup
[8.658s] [ext: omni.hydra.rtx.shadercache.vulkan-1.0.0] startup
[8.658s] [ext: omni.index.libs-387500.3473.0] startup
[8.658s] [ext: omni.index-1.0.1] startup
[8.659s] [ext: omni.ujitso.client-0.0.0] startup
[8.659s] [ext: omni.usd.schema.playback-1.0.0] startup
[8.662s] [ext: omni.volume-0.5.2] startup
[8.664s] [ext: omni.hydra.rtx-1.0.3] startup
2026-07-06T08:09:09Z [8,665ms] [Warning] [omni.log] Source: omni.hydra was already registered.
[8.683s] [ext: omni.kit.hydra_texture-1.6.0] startup
[8.686s] [ext: omni.kit.raycast.query-1.2.0] startup
[8.689s] [ext: omni.kit.viewport.legacy_gizmos-1.0.24] startup
[8.690s] [ext: omni.kit.viewport.registry-104.0.6] startup
[8.691s] [ext: omni.kit.viewport.scene_camera_model-1.0.7] startup
[8.693s] [ext: omni.kit.widget.viewport-109.2.0] startup
[8.696s] [ext: omni.kit.window.drop_support-1.0.8] startup
[8.697s] [ext: omni.kit.viewport.window-109.0.2] startup
[8.708s] [ext: omni.kit.viewport.utility-2.0.1] startup
[8.709s] [ext: isaacsim.core.rendering_manager-0.4.2] startup
[8.724s] [ext: omni.graph.action_core-1.1.9] startup
[8.725s] [ext: omni.graph.action_nodes_core-2.10.2] startup
[8.727s] [ext: omni.graph.action_nodes-2.10.3] startup
[8.741s] [ext: omni.graph.action-2.10.2] startup
[8.741s] [ext: omni.graph.image.core-0.6.1] startup
[8.742s] [ext: omni.graph.image.nodes-1.3.1] startup
[8.743s] [ext: omni.graph.nodes_core-2.10.3] startup
[8.746s] [ext: omni.graph.nodes-2.11.1] startup
[8.750s] [ext: omni.kit.hotkeys.core-1.3.12] startup
[8.751s] [ext: omni.kit.property.adapter.core-1.1.1] startup
[8.752s] [ext: omni.kit.property.adapter.usd-1.0.5] startup
[8.753s] [ext: omni.kit.widget.filter-1.1.5] startup
[8.754s] [ext: omni.kit.widget.highlight_label-1.0.3] startup
[8.754s] [ext: omni.kit.widget.searchfield-1.1.8] startup
[8.755s] [ext: omni.kit.window.file_exporter-1.0.36] startup
[8.756s] [ext: omni.kit.widget.stage-4.3.0] startup
[8.762s] [ext: omni.kit.window.content_browser_registry-0.0.6] startup
[8.763s] [ext: omni.kit.window.file-2.0.10] startup
[8.765s] [ext: omni.kit.window.content_browser-3.1.8] startup
[8.771s] [ext: omni.kit.window.property-1.15.1] startup
[8.779s] [ext: omni.kit.property.usd-4.8.1] startup
[8.785s] [ext: omni.graph.scriptnode-2.10.2] startup
[8.791s] [ext: omni.kit.widget.searchable_combobox-1.0.7] startup
[8.792s] [ext: omni.kit.widget.settings-2.0.0] startup
[8.794s] [ext: omni.kit.window.preferences-1.8.3] startup
[8.797s] [ext: omni.kit.viewport.menubar.core-107.2.2] startup
[8.805s] [ext: omni.syntheticdata-0.6.15] startup
[8.824s] [ext: omni.replicator.nv-1.1.1] startup
[8.827s] [ext: omni.videoencoding-0.2.1] startup
[8.829s] [ext: omni.replicator.core-1.13.25] startup
2026-07-06T08:09:09Z [8,827ms] [Warning] [pxr.Semantics] pxr.Semantics is deprecated - please use Semantics instead
2026-07-06T08:09:09Z [8,880ms] [Warning] [omni.replicator.core.scripts.extension] No material configuration file, adding configuration to material settings directly.
[8.994s] [ext: isaacsim.core.nodes-5.10.4] startup
[9.015s] [ext: isaacsim.core.throttling-2.3.3] startup
[9.017s] [ext: omni.kit.manipulator.viewport-107.0.1] startup
[9.017s] [ext: omni.graph.visualization.nodes-2.1.4] startup
[9.027s] [ext: omni.kit.window.extensions-1.5.7] startup
[9.030s] [ext: isaacsim.gui.components-1.8.4] startup
[9.033s] [ext: isaacsim.robot.surface_gripper-3.6.1] startup
[9.041s] [ext: isaacsim.robot.manipulators-3.4.4] startup
[9.049s] [ext: isaacsim.robot_motion.lula-4.1.2] startup
[9.053s] [ext: isaacsim.robot_motion.motion_generation-8.2.8] startup
[9.057s] [ext: isaacsim.cortex.framework-1.0.17] startup
[9.058s] [ext: isaacsim.cortex.behaviors-2.0.16] startup
[9.060s] [ext: isaacsim.examples.base-1.3.1] startup
[9.061s] [ext: omni.kit.widget.zoombar-1.0.7] startup
[9.061s] [ext: omni.kit.browser.core-2.3.18] startup
[9.064s] [ext: omni.kit.browser.folder.core-2.0.2] startup
[9.067s] [ext: omni.kit.widget.stage_icons-1.0.8] startup
[9.068s] [ext: omni.kit.window.stage-2.6.1] startup
[9.070s] [ext: omni.kit.menu.stage-1.2.7] startup
[9.071s] [ext: omni.kit.usd.collect-3.0.5] startup
[9.073s] [ext: omni.kit.widget.prompt-1.0.7] startup
[9.074s] [ext: omni.kit.tool.collect-2.2.19] startup
[9.075s] [ext: isaacsim.examples.browser-0.3.1] startup
[9.077s] [ext: omni.kit.search.files-1.0.4] startup
[9.078s] [ext: omni.kit.widget.calendar-1.0.9] startup
[9.079s] [ext: omni.kit.widget.extended_searchfield-1.0.31] startup
[9.084s] [ext: omni.simready.content.browser-0.3.7] startup
[9.159s] [ext: isaacsim.gui.content_browser-0.4.2] startup
[9.161s] [ext: omni.kit.selection-0.1.6] startup
[9.162s] [ext: isaacsim.gui.menu-2.10.5] startup
[9.168s] [ext: isaacsim.gui.property-1.6.2] startup
[9.172s] [ext: omni.kit.viewport.actions-107.0.2] startup
[9.175s] [ext: omni.kit.viewport.menubar.display-107.1.3] startup
[9.177s] [ext: isaacsim.gui.sensors.icon-2.2.0] startup
[9.179s] [ext: omni.behavior.scripting.core-110.1.0] startup
[9.181s] [ext: isaacsim.replicator.behavior-1.5.3] startup
[9.181s] [ext: isaacsim.replicator.experimental.domain_randomization-1.2.4] startup
[9.192s] [ext: isaacsim.replicator.domain_randomization-1.2.1] startup
[9.248s] [ext: isaacsim.replicator.writers-1.5.3] startup
[9.265s] [ext: isaacsim.robot.experimental.wheeled_robots-0.2.9] startup
[9.281s] [ext: isaacsim.robot.policy.examples-5.2.11] startup
[9.295s] [ext: isaacsim.robot.wheeled_robots-5.2.3] startup
[9.297s] [ext: isaacsim.robot.wheeled_robots.nodes-0.1.2] startup
[9.310s] [ext: isaacsim.robot_motion.experimental.motion_generation-6.1.2] startup
[9.318s] [ext: isaacsim.robot_motion.cumotion-1.3.0] startup
[9.328s] [ext: omni.kit.numpy.common-0.1.3] startup
[9.329s] [ext: isaacsim.sensors.camera-1.7.8] startup
[9.350s] [ext: isaacsim.sensors.experimental.physics-3.0.1] startup
[9.356s] [ext: omni.sensors.net-1.0.1] startup
[9.358s] [ext: omni.sensors.nv.common-3.0.0] startup
[9.365s] [ext: omni.sensors.nv.materials-2.0.0] startup
[9.367s] [ext: omni.sensors.nv.acoustic-3.0.0] startup
[9.369s] [ext: omni.sensors.nv.ids-2.0.1] startup
[9.371s] [ext: omni.sensors.nv.lidar-3.0.0] startup
[9.373s] [ext: omni.sensors.nv.radar-3.0.0] startup
[9.375s] [ext: isaacsim.sensors.experimental.rtx-1.4.3] startup
[9.600s] [ext: isaacsim.sensors.physics.nodes-1.5.2] startup
[9.605s] [ext: isaacsim.util.debug_draw-3.2.2] startup
[9.608s] [ext: isaacsim.sensors.physx-2.5.4] startup
[9.614s] [ext: isaacsim.sensors.rtx-15.17.0] startup
[9.621s] [ext: isaacsim.simulation_app-2.18.3] startup
[9.622s] [ext: omni.anim.curve.core-1.6.0] startup
[9.629s] [ext: omni.graph.ui_nodes-2.10.5] startup
[9.647s] [ext: omni.hydra.scene_api-0.1.3] startup
[9.650s] [ext: omni.kit.manipulator.camera-110.0.0] startup
[9.652s] [ext: omni.kit.manipulator.selector-1.1.4] startup
[9.653s] [ext: omni.kit.manipulator.transform-107.0.0] startup
[9.656s] [ext: omni.kit.widget.toolbar-2.1.0] startup
[9.660s] [ext: omni.kit.manipulator.tool.snap-1.5.14] startup
[9.663s] [ext: omni.kit.viewport.manipulator.transform-107.0.4] startup
[9.664s] [ext: omni.kit.manipulator.prim.core-108.0.2] startup
[9.668s] [ext: omni.kit.manipulator.prim.usd-107.0.3] startup
[9.669s] [ext: omni.kit.manipulator.prim-108.0.0] startup
[9.669s] [ext: omni.kit.manipulator.selection-109.0.1] startup
[9.670s] [ext: omni.kit.menu.create-2.0.2] startup
[9.671s] [ext: omni.kit.property.audio-1.0.16] startup
[9.674s] [ext: omni.kit.property.camera-1.0.14] startup
[9.675s] [ext: omni.kit.property.geometry-2.1.2] startup
[9.677s] [ext: omni.kit.property.light-1.0.14] startup
2026-07-06T08:09:10Z [9,688ms] [Warning] [omni.usd] Encountered USD Warnings but USD Diagnostics are currently muted. To view USD Warnings, please set the '/persistent/app/usd/muteUsdDiagnostics' setting to false in Preferences page.
[9.701s] [ext: omni.kit.property.material-1.14.2] startup
[9.705s] [ext: omni.kit.property.render-1.2.2] startup
[9.706s] [ext: omni.kit.property.transform-1.6.9] startup
[9.708s] [ext: omni.kit.property.bundle-1.5.1] startup
[9.709s] [ext: omni.kit.usdz_export-1.1.0] startup
[9.711s] [ext: omni.kit.tool.asset_importer-5.2.0] startup
[9.714s] [ext: omni.kit.ui.actions-1.0.5] startup
[9.715s] [ext: omni.kit.viewport.menubar.camera-107.0.10] startup
[9.719s] [ext: omni.kit.viewport.menubar.lighting-107.3.2] startup
[9.720s] [ext: omni.kit.viewport.menubar.render-107.0.10] startup
[9.722s] [ext: omni.kit.viewport.menubar.settings-110.0.1] startup
[9.724s] [ext: omni.kit.window.console-1.1.8] startup
[9.727s] [ext: omni.kit.window.status_bar-0.1.11] startup
[9.729s] [ext: omni.kit.window.toolbar-3.0.3] startup
[9.730s] [ext: omni.ocio-0.1.1] startup
[9.731s] [ext: omni.physx.commands-110.1.11] startup
[9.736s] [ext: omni.replicator.replicator_yaml-2.0.12] startup
[9.744s] [ext: omni.rtx.window.settings-0.8.0] startup
[9.747s] [ext: omni.rtx.settings.core-0.7.0] startup
[9.749s] [ext: omni.usd.metrics.assembler.ui-110.1.1] startup
[9.753s] [ext: semantics.schema.editor-2.0.2] startup
[9.755s] [ext: semantics.schema.property-2.0.1] startup
[9.756s] [ext: omni.kit.menu.common-2.0.2] startup
[9.757s] [ext: isaacsim.exp.base-6.0.0] startup
[9.757s] [ext: isaacsim.exp.base.python-6.0.0] startup
[9.758s] Simulation App Starting
[10.466s] Simulation App Startup Complete
[10.472s] app ready
Starting kit application with the following args:  ['/home/samuel/isaacsim/exts/isaacsim.simulation_app/isaacsim/simulation_app/simulation_app.py', '/home/samuel/isaacsim/apps/isaacsim.exp.base.python.kit', '--/app/tokens/exe-path=/home/samuel/isaacsim/kit', '--/persistent/app/viewport/displayOptions=3094', '--/rtx/materialDb/syncLoads=True', '--/rtx/hydra/materialSyncLoads=True', '--/omni.kit.plugin/syncUsdLoads=True', '--/app/renderer/resolution/width=1280', '--/app/renderer/resolution/height=720', '--/app/window/width=1440', '--/app/window/height=900', '--/renderer/multiGpu/enabled=True', '--/app/fastShutdown=True', '--/app/installSignalHandlers=0', '--ext-folder', '/home/samuel/isaacsim/exts', '--ext-folder', '/home/samuel/isaacsim/apps', '--/physics/cudaDevice=0', '--/plugins/carb.tasking.plugin/threadCount=12', '--/plugins/omni.tbb.globalcontrol/maxThreadCount=12', '--portable', '--no-window', '--/app/window/hideUi=1']
Passing the following args to the base kit application:  ['--train-config', 'src/cobraflex_rl/config/train_isaac_kin2_curric.yaml', '--track', 'complex_b', '--run-id', 'ppo_isaac2d_kin2_2024_1M', '--resume-from', 'policy/checkpoints/cobraflex_ppo_isaac2d_kin2_2024_1M.zip', '--model-path', 'policy/checkpoints/cobraflex_ppo_isaac2d_kin2_2024_1M']
Warp 1.13.0 initialized:
   CUDA Toolkit 12.9, Driver 13.2
   Devices:
     "cpu"      : "x86_64"
     "cuda:0"   : "NVIDIA GeForce RTX 5060" (8 GiB, sm_120, mempool enabled)
   Kernel cache:
     /home/samuel/.cache/warp/1.13.0
[isaac_train] render mode: headless (headless=True)
[scene] track 'complex_b' built as geometry (9.6x4.6 m, 2-lane, offset (+0.0, +0.0))
[scene] velocity drives on 4 wheel joints; friction 0.05 (combine=min) on 4 wheel colliders, ground 0.05
[isaac_train] articulation root /World/Cobraflex/Geometry/base_footprint/base_link; wheel dof [0, 2, 1, 3]
Wrapping the env in a VecTransposeImage.
[isaac_train] resumed PPO from policy/checkpoints/cobraflex_ppo_isaac2d_kin2_2024_1M.zip at 294656 steps
[progress] line-by-line mode (no usable TTY); progress every 1000 steps
PPO progress: 294657/1000000 (29%) | ep_rew_mean=185.91 | ep_len_mean=304 | episodes=100 | fps=1677347
[isaac_train] STOP file /media/samuel/Fast_SSD/SE4AI/thesis_repo/experiments/sim/training/ppo_isaac2d_kin2_2024_1M/STOP found -> ending training gracefully (model + metadata will be written)
[isaac_train] saved PPO model to policy/checkpoints/cobraflex_ppo_isaac2d_kin2_2024_1M.zip
[isaac_train] learning curve + metadata under /media/samuel/Fast_SSD/SE4AI/thesis_repo/experiments/sim/training/ppo_isaac2d_kin2_2024_1M
2026-07-06T08:09:12Z [11,830ms] [Warning] [omni.physx.plugin] The rigid body at /World/Cobraflex/Geometry/base_footprint/base_link/body_link/zedm_camera_link has a possibly invalid inertia tensor of {1.0, 1.0, 1.0} and a negative mass, small sphere approximated inertia was used. Either specify correct values in the mass properties, or add collider(s) to any shape(s) that you wish to automatically compute mass properties for.
2026-07-06T08:09:12Z [12,264ms] [Warning] [omni.rtx] DLSS increasing input dimensions: Render resolution of (320, 180) is below minimal input resolution of 300.
2026-07-06T08:09:12Z [12,319ms] [Warning] [omni.fabric.plugin] Warning: attribute deviceIds not found for path /Render/OmniverseKit/HydraTextures/Replicator

2026-07-06T08:09:12Z [12,330ms] [Warning] [omni.syntheticdata.plugin] OgnSdPostRenderVarToHost : rendervar copy from texture directly to host buffer is counter-performant. Please use copy from texture to device buffer first.
[20.419s] Simulation App Shutting Down
